Archive member included to satisfy reference by file (symbol)

C:/ST/STM32CubeIDE_1.14.0/STM32CubeIDE/plugins/com.st.stm32cube.ide.mcu.externaltools.gnu-tools-for-stm32.11.3.rel1.win32_1.1.100.202309141235/tools/bin/../lib/gcc/arm-none-eabi/11.3.1/../../../../arm-none-eabi/lib/thumb/v7e-m+fp/hard\libc_nano.a(libc_a-exit.o)
                              C:/ST/STM32CubeIDE_1.14.0/STM32CubeIDE/plugins/com.st.stm32cube.ide.mcu.externaltools.gnu-tools-for-stm32.11.3.rel1.win32_1.1.100.202309141235/tools/bin/../lib/gcc/arm-none-eabi/11.3.1/../../../../arm-none-eabi/lib/thumb/v7e-m+fp/hard/crt0.o (exit)
C:/ST/STM32CubeIDE_1.14.0/STM32CubeIDE/plugins/com.st.stm32cube.ide.mcu.externaltools.gnu-tools-for-stm32.11.3.rel1.win32_1.1.100.202309141235/tools/bin/../lib/gcc/arm-none-eabi/11.3.1/../../../../arm-none-eabi/lib/thumb/v7e-m+fp/hard\libc_nano.a(libc_a-findfp.o)
                              C:/ST/STM32CubeIDE_1.14.0/STM32CubeIDE/plugins/com.st.stm32cube.ide.mcu.externaltools.gnu-tools-for-stm32.11.3.rel1.win32_1.1.100.202309141235/tools/bin/../lib/gcc/arm-none-eabi/11.3.1/../../../../arm-none-eabi/lib/thumb/v7e-m+fp/hard\libc_nano.a(libc_a-exit.o) (__stdio_exit_handler)
C:/ST/STM32CubeIDE_1.14.0/STM32CubeIDE/plugins/com.st.stm32cube.ide.mcu.externaltools.gnu-tools-for-stm32.11.3.rel1.win32_1.1.100.202309141235/tools/bin/../lib/gcc/arm-none-eabi/11.3.1/../../../../arm-none-eabi/lib/thumb/v7e-m+fp/hard\libc_nano.a(libc_a-fwalk.o)
                              C:/ST/STM32CubeIDE_1.14.0/STM32CubeIDE/plugins/com.st.stm32cube.ide.mcu.externaltools.gnu-tools-for-stm32.11.3.rel1.win32_1.1.100.202309141235/tools/bin/../lib/gcc/arm-none-eabi/11.3.1/../../../../arm-none-eabi/lib/thumb/v7e-m+fp/hard\libc_nano.a(libc_a-findfp.o) (_fwalk_sglue)
C:/ST/STM32CubeIDE_1.14.0/STM32CubeIDE/plugins/com.st.stm32cube.ide.mcu.externaltools.gnu-tools-for-stm32.11.3.rel1.win32_1.1.100.202309141235/tools/bin/../lib/gcc/arm-none-eabi/11.3.1/../../../../arm-none-eabi/lib/thumb/v7e-m+fp/hard\libc_nano.a(libc_a-stdio.o)
                              C:/ST/STM32CubeIDE_1.14.0/STM32CubeIDE/plugins/com.st.stm32cube.ide.mcu.externaltools.gnu-tools-for-stm32.11.3.rel1.win32_1.1.100.202309141235/tools/bin/../lib/gcc/arm-none-eabi/11.3.1/../../../../arm-none-eabi/lib/thumb/v7e-m+fp/hard\libc_nano.a(libc_a-findfp.o) (__sread)
C:/ST/STM32CubeIDE_1.14.0/STM32CubeIDE/plugins/com.st.stm32cube.ide.mcu.externaltools.gnu-tools-for-stm32.11.3.rel1.win32_1.1.100.202309141235/tools/bin/../lib/gcc/arm-none-eabi/11.3.1/../../../../arm-none-eabi/lib/thumb/v7e-m+fp/hard\libc_nano.a(libc_a-memset.o)
                              C:/ST/STM32CubeIDE_1.14.0/STM32CubeIDE/plugins/com.st.stm32cube.ide.mcu.externaltools.gnu-tools-for-stm32.11.3.rel1.win32_1.1.100.202309141235/tools/bin/../lib/gcc/arm-none-eabi/11.3.1/../../../../arm-none-eabi/lib/thumb/v7e-m+fp/hard/crt0.o (memset)
C:/ST/STM32CubeIDE_1.14.0/STM32CubeIDE/plugins/com.st.stm32cube.ide.mcu.externaltools.gnu-tools-for-stm32.11.3.rel1.win32_1.1.100.202309141235/tools/bin/../lib/gcc/arm-none-eabi/11.3.1/../../../../arm-none-eabi/lib/thumb/v7e-m+fp/hard\libc_nano.a(libc_a-closer.o)
                              C:/ST/STM32CubeIDE_1.14.0/STM32CubeIDE/plugins/com.st.stm32cube.ide.mcu.externaltools.gnu-tools-for-stm32.11.3.rel1.win32_1.1.100.202309141235/tools/bin/../lib/gcc/arm-none-eabi/11.3.1/../../../../arm-none-eabi/lib/thumb/v7e-m+fp/hard\libc_nano.a(libc_a-stdio.o) (_close_r)
C:/ST/STM32CubeIDE_1.14.0/STM32CubeIDE/plugins/com.st.stm32cube.ide.mcu.externaltools.gnu-tools-for-stm32.11.3.rel1.win32_1.1.100.202309141235/tools/bin/../lib/gcc/arm-none-eabi/11.3.1/../../../../arm-none-eabi/lib/thumb/v7e-m+fp/hard\libc_nano.a(libc_a-reent.o)
                              C:/ST/STM32CubeIDE_1.14.0/STM32CubeIDE/plugins/com.st.stm32cube.ide.mcu.externaltools.gnu-tools-for-stm32.11.3.rel1.win32_1.1.100.202309141235/tools/bin/../lib/gcc/arm-none-eabi/11.3.1/../../../../arm-none-eabi/lib/thumb/v7e-m+fp/hard\libc_nano.a(libc_a-closer.o) (errno)
C:/ST/STM32CubeIDE_1.14.0/STM32CubeIDE/plugins/com.st.stm32cube.ide.mcu.externaltools.gnu-tools-for-stm32.11.3.rel1.win32_1.1.100.202309141235/tools/bin/../lib/gcc/arm-none-eabi/11.3.1/../../../../arm-none-eabi/lib/thumb/v7e-m+fp/hard\libc_nano.a(libc_a-impure.o)
                              C:/ST/STM32CubeIDE_1.14.0/STM32CubeIDE/plugins/com.st.stm32cube.ide.mcu.externaltools.gnu-tools-for-stm32.11.3.rel1.win32_1.1.100.202309141235/tools/bin/../lib/gcc/arm-none-eabi/11.3.1/../../../../arm-none-eabi/lib/thumb/v7e-m+fp/hard\libc_nano.a(libc_a-reent.o) (_impure_ptr)
C:/ST/STM32CubeIDE_1.14.0/STM32CubeIDE/plugins/com.st.stm32cube.ide.mcu.externaltools.gnu-tools-for-stm32.11.3.rel1.win32_1.1.100.202309141235/tools/bin/../lib/gcc/arm-none-eabi/11.3.1/../../../../arm-none-eabi/lib/thumb/v7e-m+fp/hard\libc_nano.a(libc_a-lseekr.o)
[...]
Memory Configuration

Name             Origin             Length             Attributes
RAM              0x0000000020000000 0x0000000000018000 xrw
SRAM2            0x0000000010000000 0x0000000000008000 xrw
FLASH            0x0000000008000000 0x0000000000100000 xr
*default*        0x0000000000000000 0xffffffffffffffff

Linker script and memory map

LOAD C:/ST/STM32CubeIDE_1.14.0/STM32CubeIDE/plugins/com.st.stm32cube.ide.mcu.externaltools.gnu-tools-for-stm32.11.3.rel1.win32_1.1.100.202309141235/tools/bin/../lib/gcc/arm-none-eabi/11.3.1/thumb/v7e-m+fp/hard/crti.o
LOAD C:/ST/STM32CubeIDE_1.14.0/STM32CubeIDE/plugins/com.st.stm32cube.ide.mcu.externaltools.gnu-tools-for-stm32.11.3.rel1.win32_1.1.100.202309141235/tools/bin/../lib/gcc/arm-none-eabi/11.3.1/thumb/v7e-m+fp/hard/crtbegin.o
LOAD C:/ST/STM32CubeIDE_1.14.0/STM32CubeIDE/plugins/com.st.stm32cube.ide.mcu.externaltools.gnu-tools-for-stm32.11.3.rel1.win32_1.1.100.202309141235/tools/bin/../lib/gcc/arm-none-eabi/11.3.1/../../../../arm-none-eabi/lib/thumb/v7e-m+fp/hard/crt0.o
LOAD ./Src/main.o
LOAD ./Src/syscalls.o
LOAD ./Src/sysmem.o
LOAD ./Startup/startup_stm32l476rgtx.o
LOAD ./drivers/Src/stm32l476xx_gpio_driver.o
LOAD ./drivers/Src/stm32l476xx_spi_driver.o
START GROUP
LOAD C:/ST/STM32CubeIDE_1.14.0/STM32CubeIDE/plugins/com.st.stm32cube.ide.mcu.externaltools.gnu-tools-for-stm32.11.3.rel1.win32_1.1.100.202309141235/tools/bin/../lib/gcc/arm-none-eabi/11.3.1/../../../../arm-none-eabi/lib/thumb/v7e-m+fp/hard\libc_nano.a
LOAD C:/ST/STM32CubeIDE_1.14.0/STM32CubeIDE/plugins/com.st.stm32cube.ide.mcu.externaltools.gnu-tools-for-stm32.11.3.rel1.win32_1.1.100.202309141235/tools/bin/../lib/gcc/arm-none-eabi/11.3.1/../../../../arm-none-eabi/lib/thumb/v7e-m+fp/hard\libm.a
END GROUP
START GROUP
LOAD C:/ST/STM32CubeIDE_1.14.0/STM32CubeIDE/plugins/com.st.stm32cube.ide.mcu.externaltools.gnu-tools-for-stm32.11.3.rel1.win32_1.1.100.202309141235/tools/bin/../lib/gcc/arm-none-eabi/11.3.1/thumb/v7e-m+fp/hard\libgcc.a
LOAD C:/ST/STM32CubeIDE_1.14.0/STM32CubeIDE/plugins/com.st.stm32cube.ide.mcu.externaltools.gnu-tools-for-stm32.11.3.rel1.win32_1.1.100.202309141235/tools/bin/../lib/gcc/arm-none-eabi/11.3.1/../../../../arm-none-eabi/lib/thumb/v7e-m+fp/hard\libc_nano.a
END GROUP
START GROUP
LOAD C:/ST/STM32CubeIDE_1.14.0/STM32CubeIDE/plugins/com.st.stm32cube.ide.mcu.externaltools.gnu-tools-for-stm32.11.3.rel1.win32_1.1.100.202309141235/tools/bin/../lib/gcc/arm-none-eabi/11.3.1/thumb/v7e-m+fp/hard\libgcc.a
LOAD C:/ST/STM32CubeIDE_1.14.0/STM32CubeIDE/plugins/com.st.stm32cube.ide.mcu.externaltools.gnu-tools-for-stm32.11.3.rel1.win32_1.1.100.202309141235/tools/bin/../lib/gcc/arm-none-eabi/11.3.1/../../../../arm-none-eabi/lib/thumb/v7e-m+fp/hard\libc_nano.a
LOAD C:/ST/STM32CubeIDE_1.14.0/STM32CubeIDE/plugins/com.st.stm32cube.ide.mcu.externaltools.gnu-tools-for-stm32.11.3.rel1.win32_1.1.100.202309141235/tools/bin/../lib/gcc/arm-none-eabi/11.3.1/../../../../arm-none-eabi/lib/thumb/v7e-m+fp/hard\libnosys.a
END GROUP
START GROUP
LOAD C:/ST/STM32CubeIDE_1.14.0/STM32CubeIDE/plugins/com.st.stm32cube.ide.mcu.externaltools.gnu-tools-for-stm32.11.3.rel1.win32_1.1.100.202309141235/tools/bin/../lib/gcc/arm-none-eabi/11.3.1/thumb/v7e-m+fp/hard\libgcc.a
LOAD C:/ST/STM32CubeIDE_1.14.0/STM32CubeIDE/plugins/com.st.stm32cube.ide.mcu.externaltools.gnu-tools-for-stm32.11.3.rel1.win32_1.1.100.202309141235/tools/bin/../lib/gcc/arm-none-eabi/11.3.1/../../../../arm-none-eabi/lib/thumb/v7e-m+fp/hard\libc_nano.a
LOAD C:/ST/STM32CubeIDE_1.14.0/STM32CubeIDE/plugins/com.st.stm32cube.ide.mcu.externaltools.gnu-tools-for-stm32.11.3.rel1.win32_1.1.100.202309141235/tools/bin/../lib/gcc/arm-none-eabi/11.3.1/../../../../arm-none-eabi/lib/thumb/v7e-m+fp/hard\libnosys.a
END GROUP
LOAD C:/ST/STM32CubeIDE_1.14.0/STM32CubeIDE/plugins/com.st.stm32cube.ide.mcu.externaltools.gnu-tools-for-stm32.11.3.rel1.win32_1.1.100.202309141235/tools/bin/../lib/gcc/arm-none-eabi/11.3.1/thumb/v7e-m+fp/hard/crtend.o
LOAD C:/ST/STM32CubeIDE_1.14.0/STM32CubeIDE/plugins/com.st.stm32cube.ide.mcu.externaltools.gnu-tools-for-stm32.11.3.rel1.win32_1.1.100.202309141235/tools/bin/../lib/gcc/arm-none-eabi/11.3.1/thumb/v7e-m+fp/hard/crtn.o
                0x0000000020018000                _estack = (ORIGIN (RAM) + LENGTH (RAM))
                0x0000000000000200                _Min_Heap_Size = 0x200
                0x0000000000000400                _Min_Stack_Size = 0x400

.isr_vector     0x0000000008000000      0x184
                0x0000000008000000                . = ALIGN (0x4)
 *(.isr_vector)
 .isr_vector    0x0000000008000000      0x184 ./Startup/startup_stm32l476rgtx.o
                0x0000000008000000                g_pfnVectors
                0x0000000008000184                . = ALIGN (0x4)

.text           0x0000000008000184     0x120c
                0x0000000008000184                . = ALIGN (0x4)
 *(.text)
 .text          0x0000000008000184       0x40 C:/ST/STM32CubeIDE_1.14.0/STM32CubeIDE/plugins/com.st.stm32cube.ide.mcu.externaltools.gnu-tools-for-stm32.11.3.rel1.win32_1.1.100.202309141235/tools/bin/../lib/gcc/arm-none-eabi/11.3.1/thumb/v7e-m+fp/hard/crtbegin.o
 .text          0x00000000080001c4       0x14 C:/ST/STM32CubeIDE_1.14.0/STM32CubeIDE/plugins/com.st.stm32cube.ide.mcu.externaltools.gnu-tools-for-stm32.11.3.rel1.win32_1.1.100.202309141235/tools/bin/../lib/gcc/arm-none-eabi/11.3.1/../../../../arm-none-eabi/lib/thumb/v7e-m+fp/hard\libc_nano.a(libc_a-strcmp.o)
                0x00000000080001c4                strcmp
 *(.text*)
 .text.main     0x00000000080001d8       0xfc ./Src/main.o
                0x00000000080001d8                main
 .text.Clock_Init
                0x00000000080002d4       0x38 ./Src/main.o
                0x00000000080002d4                Clock_Init
 .text.GPIOx_Init
                0x000000000800030c       0xec ./Src/main.o
                0x000000000800030c                GPIOx_Init
 .text.EXTI0_IRQHandler
                0x00000000080003f8       0x1c ./Src/main.o
                0x00000000080003f8                EXTI0_IRQHandler
 .text.SPI2_IRQHandler
                0x0000000008000414       0x14 ./Src/main.o
                0x0000000008000414                SPI2_IRQHandler
 .text.Delay    0x0000000008000428       0x2a ./Src/main.o
                0x0000000008000428                Delay
 *fill*         0x0000000008000452        0x2 
 .text.SPI2_Inits
                0x0000000008000454       0x48 ./Src/main.o
                0x0000000008000454                SPI2_Inits
 .text.SPI_ApplicationEventCallback
                0x000000000800049c       0x6c ./Src/main.o
                0x000000000800049c                SPI_ApplicationEventCallback
 .text.Reset_Handler
                0x0000000008000508       0x50 ./Startup/startup_stm32l476rgtx.o
                0x0000000008000508                Reset_Handler
 .text.Default_Handler
                0x0000000008000558        0x2 ./Startup/startup_stm32l476rgtx.o
                0x0000000008000558                EXTI2_IRQHandler
                0x0000000008000558                TIM8_TRG_COM_IRQHandler
                0x0000000008000558                TIM8_CC_IRQHandler
                0x0000000008000558                DebugMon_Handler
                0x0000000008000558                DMA1_CH4_IRQHandler
                0x0000000008000558                TIM1_CC_IRQHandler
                0x0000000008000558                TSC_IRQHandler
                0x0000000008000558                HardFault_Handler
                0x0000000008000558                SysTick_Handler
                0x0000000008000558                TAMP_STAMP_IRQHandler
                0x0000000008000558                PendSV_Handler
                0x0000000008000558                NMI_Handler
                0x0000000008000558                EXTI3_IRQHandler
                0x0000000008000558                LPTIM2_IRQHandler
                0x0000000008000558                DFSDM1_FLT1_IRQHandler
                0x0000000008000558                I2C3_ER_IRQHandler
                0x0000000008000558                DFSDM1_FLT2_IRQHandler
                0x0000000008000558                TIM6_DACUNDER_IRQHandler
                0x0000000008000558                I2C2_EV_IRQHandler
                0x0000000008000558                DMA2_CH1_IRQHandler
                0x0000000008000558                CAN1_RX0_IRQHandler
                0x0000000008000558                TIM1_UP_TIM16_IRQHandler
                0x0000000008000558                DMA2_CH7_IRQHandler
                0x0000000008000558                UsageFault_Handler
                0x0000000008000558                ADC1_2_IRQHandler
                0x0000000008000558                SPI1_IRQHandler
                0x0000000008000558                DMA1_CH7_IRQHandler
                0x0000000008000558                TIM8_UP_IRQHandler
                0x0000000008000558                RTC_ALARM_IRQHandler
                0x0000000008000558                SAI2_IRQHandler
                0x0000000008000558                DFSDM1_FLT3_IRQHandler
                0x0000000008000558                DMA1_CH6_IRQHandler
                0x0000000008000558                USART3_IRQHandler
                0x0000000008000558                CAN1_RX1_IRQHandler
                0x0000000008000558                LCD_IRQHandler
                0x0000000008000558                UART5_IRQHandler
                0x0000000008000558                ADC3_IRQHandler
                0x0000000008000558                TIM4_IRQHandler
                0x0000000008000558                QUADSPI_IRQHandler
                0x0000000008000558                I2C1_EV_IRQHandler
                0x0000000008000558                DMA2_CH5_IRQHandler
                0x0000000008000558                UART4_IRQHandler
                0x0000000008000558                DMA1_CH3_IRQHandler
                0x0000000008000558                TIM3_IRQHandler
                0x0000000008000558                RCC_IRQHandler
                0x0000000008000558                Default_Handler
                0x0000000008000558                EXTI15_10_IRQHandler
                0x0000000008000558                TIM7_IRQHandler
                0x0000000008000558                SDMMC1_IRQHandler
                0x0000000008000558                TIM5_IRQHandler
                0x0000000008000558                I2C3_EV_IRQHandler
                0x0000000008000558                EXTI9_5_IRQHandler
                0x0000000008000558                DMA1_CH2_IRQHandler
                0x0000000008000558                RTC_WKUP_IRQHandler
                0x0000000008000558                PVD_PVM_IRQHandler
                0x0000000008000558                DMA1_CH1_IRQHandler
                0x0000000008000558                MemManage_Handler
                0x0000000008000558                CAN1_TX_IRQHandler
                0x0000000008000558                SVC_Handler
                0x0000000008000558                EXTI4_IRQHandler
                0x0000000008000558                RNG_IRQHandler
                0x0000000008000558                TIM1_TRG_COM_TIM17_IRQHandler
                0x0000000008000558                COMP_IRQHandler
                0x0000000008000558                WWDG_IRQHandler
                0x0000000008000558                LPUART1_IRQHandler
                0x0000000008000558                TIM2_IRQHandler
                0x0000000008000558                EXTI1_IRQHandler
                0x0000000008000558                AES_IRQHandler
                0x0000000008000558                USART2_IRQHandler
                0x0000000008000558                DFSDM1_FLT0_IRQHandler
                0x0000000008000558                I2C2_ER_IRQHandler
                0x0000000008000558                TIM8_BRK_IRQHandler
                0x0000000008000558                CAN1_SCE_IRQHandler
                0x0000000008000558                FLASH_IRQHandler
                0x0000000008000558                BusFault_Handler
                0x0000000008000558                USART1_IRQHandler
                0x0000000008000558                OTG_FS_IRQHandler
                0x0000000008000558                SPI3_IRQHandler
                0x0000000008000558                DMA2_CH6_IRQHandler
                0x0000000008000558                DMA2_CH3_IRQHandler
                0x0000000008000558                DMA2_CH2_IRQHandler
                0x0000000008000558                I2C1_ER_IRQHandler
                0x0000000008000558                FMC_IRQHandler
                0x0000000008000558                DMA1_CH5_IRQHandler
                0x0000000008000558                DMA2_CH4_IRQHandler
                0x0000000008000558                SWPMI1_IRQHandler
                0x0000000008000558                LPTIM1_IRQHandler
                0x0000000008000558                SAI1_IRQHandler
                0x0000000008000558                TIM1_BRK_TIM15_IRQHandler
 *fill*         0x000000000800055a        0x2 
 .text.GPIO_PeriClockControl
                0x000000000800055c      0x19c ./drivers/Src/stm32l476xx_gpio_driver.o
                0x000000000800055c                GPIO_PeriClockControl
 .text.GPIO_Init
                0x00000000080006f8      0x3c0 ./drivers/Src/stm32l476xx_gpio_driver.o
                0x00000000080006f8                GPIO_Init
 .text.GPIO_IRQInterruptConfig
                0x0000000008000ab8      0x10c ./drivers/Src/stm32l476xx_gpio_driver.o
                0x0000000008000ab8                GPIO_IRQInterruptConfig
 .text.GPIO_IRQPriorityConfig
                0x0000000008000bc4       0x54 ./drivers/Src/stm32l476xx_gpio_driver.o
                0x0000000008000bc4                GPIO_IRQPriorityConfig
 .text.GPIO_IRQHandling
                0x0000000008000c18       0x40 ./drivers/Src/stm32l476xx_gpio_driver.o
                0x0000000008000c18                GPIO_IRQHandling
 .text.SPI_PeriClockControl
                0x0000000008000c58       0xb0 ./drivers/Src/stm32l476xx_spi_driver.o
                0x0000000008000c58                SPI_PeriClockControl
 .text.SPI_Init
                0x0000000008000d08       0xe6 ./drivers/Src/stm32l476xx_spi_driver.o
                0x0000000008000d08                SPI_Init
 .text.SPI_GetFlagStatus
                0x0000000008000dee       0x28 ./drivers/Src/stm32l476xx_spi_driver.o
                0x0000000008000dee                SPI_GetFlagStatus
 .text.SPI_SSOEConfig
                0x0000000008000e16       0x38 ./drivers/Src/stm32l476xx_spi_driver.o
                0x0000000008000e16                SPI_SSOEConfig
 .text.SPI_PeripheralClontrol
                0x0000000008000e4e       0x38 ./drivers/Src/stm32l476xx_spi_driver.o
                0x0000000008000e4e                SPI_PeripheralClontrol
 *fill*         0x0000000008000e86        0x2 
 .text.SPI_IRQInterruptConfig
                0x0000000008000e88      0x10c ./drivers/Src/stm32l476xx_spi_driver.o
                0x0000000008000e88                SPI_IRQInterruptConfig
 .text.SPI_IRQPriorityConfig
                0x0000000008000f94       0x54 ./drivers/Src/stm32l476xx_spi_driver.o
                0x0000000008000f94                SPI_IRQPriorityConfig
 .text.SPI_SendDataIT
                0x0000000008000fe8       0x4a ./drivers/Src/stm32l476xx_spi_driver.o
                0x0000000008000fe8                SPI_SendDataIT
 .text.SPI_ReceiveDataIT
                0x0000000008001032       0x4a ./drivers/Src/stm32l476xx_spi_driver.o
                0x0000000008001032                SPI_ReceiveDataIT
 .text.SPI_IRQHandling
                0x000000000800107c       0x9a ./drivers/Src/stm32l476xx_spi_driver.o
                0x000000000800107c                SPI_IRQHandling
 .text.spi_txe_interrupt_handle
                0x0000000008001116       0xb6 ./drivers/Src/stm32l476xx_spi_driver.o
 .text.spi_rxne_interrupt_handle
                0x00000000080011cc       0xb6 ./drivers/Src/stm32l476xx_spi_driver.o
 .text.spi_ovr_interrupt_handle
                0x0000000008001282       0x30 ./drivers/Src/stm32l476xx_spi_driver.o
 .text.SPI_CloseTransmission
                0x00000000080012b2       0x36 ./drivers/Src/stm32l476xx_spi_driver.o
                0x00000000080012b2                SPI_CloseTransmission
 .text.SPI_CloseReception
                0x00000000080012e8       0x36 ./drivers/Src/stm32l476xx_spi_driver.o
                0x00000000080012e8                SPI_CloseReception
 .text.memset   0x000000000800131e       0x10 C:/ST/STM32CubeIDE_1.14.0/STM32CubeIDE/plugins/com.st.stm32cube.ide.mcu.externaltools.gnu-tools-for-stm32.11.3.rel1.win32_1.1.100.202309141235/tools/bin/../lib/gcc/arm-none-eabi/11.3.1/../../../../arm-none-eabi/lib/thumb/v7e-m+fp/hard\libc_nano.a(libc_a-memset.o)
                0x000000000800131e                memset
 *fill*         0x000000000800132e        0x2 
 .text.__libc_init_array
                0x0000000008001330       0x48 C:/ST/STM32CubeIDE_1.14.0/STM32CubeIDE/plugins/com.st.stm32cube.ide.mcu.externaltools.gnu-tools-for-stm32.11.3.rel1.win32_1.1.100.202309141235/tools/bin/../lib/gcc/arm-none-eabi/11.3.1/../../../../arm-none-eabi/lib/thumb/v7e-m+fp/hard\libc_nano.a(libc_a-init.o)
                0x0000000008001330                __libc_init_array
 *(.glue_7)
 .glue_7        0x0000000008001378        0x0 linker stubs
 *(.glue_7t)
 .glue_7t       0x0000000008001378        0x0 linker stubs
 *(.eh_frame)
 .eh_frame      0x0000000008001378        0x0 C:/ST/STM32CubeIDE_1.14.0/STM32CubeIDE/plugins/com.st.stm32cube.ide.mcu.externaltools.gnu-tools-for-stm32.11.3.rel1.win32_1.1.100.202309141235/tools/bin/../lib/gcc/arm-none-eabi/11.3.1/thumb/v7e-m+fp/hard/crtbegin.o
 *(.init)
 .init          0x0000000008001378        0x4 C:/ST/STM32CubeIDE_1.14.0/STM32CubeIDE/plugins/com.st.stm32cube.ide.mcu.externaltools.gnu-tools-for-stm32.11.3.rel1.win32_1.1.100.202309141235/tools/bin/../lib/gcc/arm-none-eabi/11.3.1/thumb/v7e-m+fp/hard/crti.o
                0x0000000008001378                _init
 .init          0x000000000800137c        0x8 C:/ST/STM32CubeIDE_1.14.0/STM32CubeIDE/plugins/com.st.stm32cube.ide.mcu.externaltools.gnu-tools-for-stm32.11.3.rel1.win32_1.1.100.202309141235/tools/bin/../lib/gcc/arm-none-eabi/11.3.1/thumb/v7e-m+fp/hard/crtn.o
 *(.fini)
 .fini          0x0000000008001384        0x4 C:/ST/STM32CubeIDE_1.14.0/STM32CubeIDE/plugins/com.st.stm32cube.ide.mcu.externaltools.gnu-tools-for-stm32.11.3.rel1.win32_1.1.100.202309141235/tools/bin/../lib/gcc/arm-none-eabi/11.3.1/thumb/v7e-m+fp/hard/crti.o
                0x0000000008001384                _fini
 .fini          0x0000000008001388        0x8 C:/ST/STM32CubeIDE_1.14.0/STM32CubeIDE/plugins/com.st.stm32cube.ide.mcu.externaltools.gnu-tools-for-stm32.11.3.rel1.win32_1.1.100.202309141235/tools/bin/../lib/gcc/arm-none-eabi/11.3.1/thumb/v7e-m+fp/hard/crtn.o
                0x0000000008001390                . = ALIGN (0x4)
                0x0000000008001390                _etext = .

.vfp11_veneer   0x0000000008001390        0x0
 .vfp11_veneer  0x0000000008001390        0x0 linker stubs

.v4_bx          0x0000000008001390        0x0
 .v4_bx         0x0000000008001390        0x0 linker stubs

.iplt           0x0000000008001390        0x0
 .iplt          0x0000000008001390        0x0 C:/ST/STM32CubeIDE_1.14.0/STM32CubeIDE/plugins/com.st.stm32cube.ide.mcu.externaltools.gnu-tools-for-stm32.11.3.rel1.win32_1.1.100.202309141235/tools/bin/../lib/gcc/arm-none-eabi/11.3.1/thumb/v7e-m+fp/hard/crtbegin.o

.rodata         0x0000000008001390        0x8
                0x0000000008001390                . = ALIGN (0x4)
 *(.rodata)
 .rodata        0x0000000008001390        0x5 ./Src/main.o
 *(.rodata*)
                0x0000000008001398                . = ALIGN (0x4)
 *fill*         0x0000000008001395        0x3 

.rel.dyn        0x0000000008001398        0x0
 .rel.iplt      0x0000000008001398        0x0 C:/ST/STM32CubeIDE_1.14.0/STM32CubeIDE/plugins/com.st.stm32cube.ide.mcu.externaltools.gnu-tools-for-stm32.11.3.rel1.win32_1.1.100.202309141235/tools/bin/../lib/gcc/arm-none-eabi/11.3.1/thumb/v7e-m+fp/hard/crtbegin.o

.ARM.extab      0x0000000008001398        0x0
                0x0000000008001398                . = ALIGN (0x4)
 *(.ARM.extab* .gnu.linkonce.armextab.*)
                0x0000000008001398                . = ALIGN (0x4)

.ARM            0x0000000008001398        0x0
                0x0000000008001398                . = ALIGN (0x4)
                0x0000000008001398                __exidx_start = .
 *(.ARM.exidx*)
                0x0000000008001398                __exidx_end = .
                0x0000000008001398                . = ALIGN (0x4)

.preinit_array  0x0000000008001398        0x0
                0x0000000008001398                . = ALIGN (0x4)
                0x0000000008001398                PROVIDE (__preinit_array_start = .)
 *(.preinit_array*)
                0x0000000008001398                PROVIDE (__preinit_array_end = .)
                0x0000000008001398                . = ALIGN (0x4)

.init_array     0x0000000008001398        0x4
                0x0000000008001398                . = ALIGN (0x4)
                0x0000000008001398                PROVIDE (__init_array_start = .)
 *(SORT_BY_NAME(.init_array.*))
 *(.init_array*)
 .init_array    0x0000000008001398        0x4 C:/ST/STM32CubeIDE_1.14.0/STM32CubeIDE/plugins/com.st.stm32cube.ide.mcu.externaltools.gnu-tools-for-stm32.11.3.rel1.win32_1.1.100.202309141235/tools/bin/../lib/gcc/arm-none-eabi/11.3.1/thumb/v7e-m+fp/hard/crtbegin.o
                0x000000000800139c                PROVIDE (__init_array_end = .)
                0x000000000800139c                . = ALIGN (0x4)

.fini_array     0x000000000800139c        0x4
                0x000000000800139c                . = ALIGN (0x4)
                [!provide]                        PROVIDE (__fini_array_start = .)
 *(SORT_BY_NAME(.fini_array.*))
 *(.fini_array*)
 .fini_array    0x000000000800139c        0x4 C:/ST/STM32CubeIDE_1.14.0/STM32CubeIDE/plugins/com.st.stm32cube.ide.mcu.externaltools.gnu-tools-for-stm32.11.3.rel1.win32_1.1.100.202309141235/tools/bin/../lib/gcc/arm-none-eabi/11.3.1/thumb/v7e-m+fp/hard/crtbegin.o
                [!provide]                        PROVIDE (__fini_array_end = .)
                0x00000000080013a0                . = ALIGN (0x4)
                0x00000000080013a0                _sidata = LOADADDR (.data)

.data           0x0000000020000000        0x0 load address 0x00000000080013a0
                0x0000000020000000                . = ALIGN (0x4)
                0x0000000020000000                _sdata = .
 *(.data)
 *(.data*)
 *(.RamFunc)
 *(.RamFunc*)
                0x0000000020000000                . = ALIGN (0x4)
                0x0000000020000000                _edata = .
                0x00000000080013a0                _sisram2 = LOADADDR (.sram2)

.igot.plt       0x0000000020000000        0x0 load address 0x00000000080013a0
 .igot.plt      0x0000000020000000        0x0 C:/ST/STM32CubeIDE_1.14.0/STM32CubeIDE/plugins/com.st.stm32cube.ide.mcu.externaltools.gnu-tools-for-stm32.11.3.rel1.win32_1.1.100.202309141235/tools/bin/../lib/gcc/arm-none-eabi/11.3.1/thumb/v7e-m+fp/hard/crtbegin.o

.sram2          0x0000000010000000        0x0 load address 0x00000000080013a0
                0x0000000010000000                . = ALIGN (0x4)
                0x0000000010000000                _ssram2 = .
 *(.sram2)
 *(.sram2*)
                0x0000000010000000                . = ALIGN (0x4)
                0x0000000010000000                _esram2 = .
                0x0000000010000000                . = ALIGN (0x4)

.bss            0x0000000020000000      0x238
                0x0000000020000000                _sbss = .
                0x0000000020000000                __bss_start__ = _sbss
 *(.bss)
 .bss           0x0000000020000000       0x1c C:/ST/STM32CubeIDE_1.14.0/STM32CubeIDE/plugins/com.st.stm32cube.ide.mcu.externaltools.gnu-tools-for-stm32.11.3.rel1.win32_1.1.100.202309141235/tools/bin/../lib/gcc/arm-none-eabi/11.3.1/thumb/v7e-m+fp/hard/crtbegin.o
 *(.bss*)
 .bss.Data_Available
                0x000000002000001c        0x4 ./Src/main.o
                0x000000002000001c                Data_Available
 .bss.Receive_Stop
                0x0000000020000020        0x4 ./Src/main.o
                0x0000000020000020                Receive_Stop
 .bss.SPI2Handle
                0x0000000020000024       0x18 ./Src/main.o
                0x0000000020000024                SPI2Handle
 .bss.read_byte
                0x000000002000003c        0x1 ./Src/main.o
                0x000000002000003c                read_byte
 *fill*         0x000000002000003d        0x3 
 .bss.receive_data
                0x0000000020000040      0x1f4 ./Src/main.o
                0x0000000020000040                receive_data
 .bss.i.0       0x0000000020000234        0x4 ./Src/main.o
 *(COMMON)
                0x0000000020000238                . = ALIGN (0x4)
                0x0000000020000238                _ebss = .
                0x0000000020000238                __bss_end__ = _ebss

._user_heap_stack
                0x0000000020000238      0x600
                0x0000000020000238                . = ALIGN (0x8)
                [!provide]                        PROVIDE (end = .)
                0x0000000020000238                PROVIDE (_end = .)
                0x0000000020000438                . = (. + _Min_Heap_Size)
 *fill*         0x0000000020000238      0x200 
                0x0000000020000838                . = (. + _Min_Stack_Size)
 *fill*         0x0000000020000438      0x400 
                0x0000000020000838                . = ALIGN (0x8)

/DISCARD/
 libc.a(*)
 libm.a(*)
 libgcc.a(*)

.ARM.attributes
                0x0000000000000000       0x30
 *(.ARM.attributes)
 .ARM.attributes
                0x0000000000000000       0x1e C:/ST/STM32CubeIDE_1.14.0/STM32CubeIDE/plugins/com.st.stm32cube.ide.mcu.externaltools.gnu-tools-for-stm32.11.3.rel1.win32_1.1.100.202309141235/tools/bin/../lib/gcc/arm-none-eabi/11.3.1/thumb/v7e-m+fp/hard/crti.o
 .ARM.attributes
                0x000000000000001e       0x34 C:/ST/STM32CubeIDE_1.14.0/STM32CubeIDE/plugins/com.st.stm32cube.ide.mcu.externaltools.gnu-tools-for-stm32.11.3.rel1.win32_1.1.100.202309141235/tools/bin/../lib/gcc/arm-none-eabi/11.3.1/thumb/v7e-m+fp/hard/crtbegin.o
 .ARM.attributes
                0x0000000000000052       0x34 ./Src/main.o
 .ARM.attributes
                0x0000000000000086       0x21 ./Startup/startup_stm32l476rgtx.o
 .ARM.attributes
                0x00000000000000a7       0x34 ./drivers/Src/stm32l476xx_gpio_driver.o
 .ARM.attributes
                0x00000000000000db       0x34 ./drivers/Src/stm32l476xx_spi_driver.o
 .ARM.attributes
                0x000000000000010f       0x34 C:/ST/STM32CubeIDE_1.14.0/STM32CubeIDE/plugins/com.st.stm32cube.ide.mcu.externaltools.gnu-tools-for-stm32.11.3.rel1.win32_1.1.100.202309141235/tools/bin/../lib/gcc/arm-none-eabi/11.3.1/../../../../arm-none-eabi/lib/thumb/v7e-m+fp/hard\libc_nano.a(libc_a-memset.o)
 .ARM.attributes
                0x0000000000000143       0x34 C:/ST/STM32CubeIDE_1.14.0/STM32CubeIDE/plugins/com.st.stm32cube.ide.mcu.externaltools.gnu-tools-for-stm32.11.3.rel1.win32_1.1.100.202309141235/tools/bin/../lib/gcc/arm-none-eabi/11.3.1/../../../../arm-none-eabi/lib/thumb/v7e-m+fp/hard\libc_nano.a(libc_a-init.o)
 .ARM.attributes
                0x0000000000000177       0x1c C:/ST/STM32CubeIDE_1.14.0/STM32CubeIDE/plugins/com.st.stm32cube.ide.mcu.externaltools.gnu-tools-for-stm32.11.3.rel1.win32_1.1.100.202309141235/tools/bin/../lib/gcc/arm-none-eabi/11.3.1/../../../../arm-none-eabi/lib/thumb/v7e-m+fp/hard\libc_nano.a(libc_a-strcmp.o)
 .ARM.attributes
                0x0000000000000193       0x1e C:/ST/STM32CubeIDE_1.14.0/STM32CubeIDE/plugins/com.st.stm32cube.ide.mcu.externaltools.gnu-tools-for-stm32.11.3.rel1.win32_1.1.100.202309141235/tools/bin/../lib/gcc/arm-none-eabi/11.3.1/thumb/v7e-m+fp/hard/crtn.o
OUTPUT(stm32l476xx_driverss.elf elf32-littlearm)
LOAD linker stubs
LOAD C:/ST/STM32CubeIDE_1.14.0/STM32CubeIDE/plugins/com.st.stm32cube.ide.mcu.externaltools.gnu-tools-for-stm32.11.3.rel1.win32_1.1.100.202309141235/tools/bin/../lib/gcc/arm-none-eabi/11.3.1/../../../../arm-none-eabi/lib/thumb/v7e-m+fp/hard\libc.a
LOAD C:/ST/STM32CubeIDE_1.14.0/STM32CubeIDE/plugins/com.st.stm32cube.ide.mcu.externaltools.gnu-tools-for-stm32.11.3.rel1.win32_1.1.100.202309141235/tools/bin/../lib/gcc/arm-none-eabi/11.3.1/../../../../arm-none-eabi/lib/thumb/v7e-m+fp/hard\libm.a
LOAD C:/ST/STM32CubeIDE_1.14.0/STM32CubeIDE/plugins/com.st.stm32cube.ide.mcu.externaltools.gnu-tools-for-stm32.11.3.rel1.win32_1.1.100.202309141235/tools/bin/../lib/gcc/arm-none-eabi/11.3.1/thumb/v7e-m+fp/hard\libgcc.a

.comment        0x0000000000000000       0x43
 .comment       0x0000000000000000       0x43 C:/ST/STM32CubeIDE_1.14.0/STM32CubeIDE/plugins/com.st.stm32cube.ide.mcu.externaltools.gnu-tools-for-stm32.11.3.rel1.win32_1.1.100.202309141235/tools/bin/../lib/gcc/arm-none-eabi/11.3.1/thumb/v7e-m+fp/hard/crtbegin.o
                                         0x44 (size before relaxing)
 .comment       0x0000000000000043       0x44 ./Src/main.o
 .comment       0x0000000000000043       0x44 ./drivers/Src/stm32l476xx_gpio_driver.o
 .comment       0x0000000000000043       0x44 ./drivers/Src/stm32l476xx_spi_driver.o

.debug_info     0x0000000000000000     0x1a2e
 .debug_info    0x0000000000000000      0x8b6 ./Src/main.o
 .debug_info    0x00000000000008b6       0x23 ./Startup/startup_stm32l476rgtx.o
 .debug_info    0x00000000000008d9      0x842 ./drivers/Src/stm32l476xx_gpio_driver.o
 .debug_info    0x000000000000111b      0x913 ./drivers/Src/stm32l476xx_spi_driver.o

.debug_abbrev   0x0000000000000000      0x522
 .debug_abbrev  0x0000000000000000      0x1c0 ./Src/main.o
 .debug_abbrev  0x00000000000001c0       0x12 ./Startup/startup_stm32l476rgtx.o
 .debug_abbrev  0x00000000000001d2      0x17a ./drivers/Src/stm32l476xx_gpio_driver.o
 .debug_abbrev  0x000000000000034c      0x1d6 ./drivers/Src/stm32l476xx_spi_driver.o

.debug_aranges  0x0000000000000000      0x1a8
 .debug_aranges
                0x0000000000000000       0x58 ./Src/main.o
 .debug_aranges
                0x0000000000000058       0x28 ./Startup/startup_stm32l476rgtx.o
 .debug_aranges
                0x0000000000000080       0x70 ./drivers/Src/stm32l476xx_gpio_driver.o
 .debug_aranges
                0x00000000000000f0       0xb8 ./drivers/Src/stm32l476xx_spi_driver.o

.debug_rnglists
                0x0000000000000000      0x139
 .debug_rnglists
                0x0000000000000000       0x3f ./Src/main.o
 .debug_rnglists
                0x000000000000003f       0x19 ./Startup/startup_stm32l476rgtx.o
 .debug_rnglists
                0x0000000000000058       0x53 ./drivers/Src/stm32l476xx_gpio_driver.o
 .debug_rnglists
                0x00000000000000ab       0x8e ./drivers/Src/stm32l476xx_spi_driver.o

.debug_macro    0x0000000000000000     0x216f
 .debug_macro   0x0000000000000000      0x16b ./Src/main.o
 .debug_macro   0x000000000000016b      0xab4 ./Src/main.o
 .debug_macro   0x0000000000000c1f       0x22 ./Src/main.o
 .debug_macro   0x0000000000000c41       0x8e ./Src/main.o
 .debug_macro   0x0000000000000ccf       0x51 ./Src/main.o
 .debug_macro   0x0000000000000d20      0x103 ./Src/main.o
 .debug_macro   0x0000000000000e23       0x6a ./Src/main.o
 .debug_macro   0x0000000000000e8d      0x1df ./Src/main.o
 .debug_macro   0x000000000000106c       0x61 ./Src/main.o
 .debug_macro   0x00000000000010cd       0x2a ./Src/main.o
 .debug_macro   0x00000000000010f7       0x43 ./Src/main.o
 .debug_macro   0x000000000000113a       0x34 ./Src/main.o
 .debug_macro   0x000000000000116e      0x174 ./Src/main.o
 .debug_macro   0x00000000000012e2       0x16 ./Src/main.o
 .debug_macro   0x00000000000012f8       0x43 ./Src/main.o
 .debug_macro   0x000000000000133b       0x34 ./Src/main.o
 .debug_macro   0x000000000000136f       0x10 ./Src/main.o
 .debug_macro   0x000000000000137f       0x58 ./Src/main.o
 .debug_macro   0x00000000000013d7       0x8e ./Src/main.o
 .debug_macro   0x0000000000001465       0x1c ./Src/main.o
 .debug_macro   0x0000000000001481      0x177 ./Src/main.o
 .debug_macro   0x00000000000015f8      0x369 ./Src/main.o
 .debug_macro   0x0000000000001961       0x10 ./Src/main.o
 .debug_macro   0x0000000000001971       0x35 ./Src/main.o
 .debug_macro   0x00000000000019a6       0x20 ./Src/main.o
 .debug_macro   0x00000000000019c6      0x33b ./Src/main.o
 .debug_macro   0x0000000000001d01       0xe8 ./Src/main.o
 .debug_macro   0x0000000000001de9      0x13c ./Src/main.o
 .debug_macro   0x0000000000001f25       0x8a ./drivers/Src/stm32l476xx_gpio_driver.o
 .debug_macro   0x0000000000001faf       0x8a ./drivers/Src/stm32l476xx_spi_driver.o
 .debug_macro   0x0000000000002039      0x136 ./drivers/Src/stm32l476xx_spi_driver.o

.debug_line     0x0000000000000000     0x1d62
 .debug_line    0x0000000000000000      0x7d9 ./Src/main.o
 .debug_line    0x00000000000007d9       0x7b ./Startup/startup_stm32l476rgtx.o
 .debug_line    0x0000000000000854      0xa84 ./drivers/Src/stm32l476xx_gpio_driver.o
 .debug_line    0x00000000000012d8      0xa8a ./drivers/Src/stm32l476xx_spi_driver.o

.debug_str      0x0000000000000000     0x91a6
 .debug_str     0x0000000000000000     0x8ea7 ./Src/main.o
                                       0x90a6 (size before relaxing)
 .debug_str     0x0000000000008ea7       0x2f ./Startup/startup_stm32l476rgtx.o
                                         0x86 (size before relaxing)
 .debug_str     0x0000000000008ed6      0x1b2 ./drivers/Src/stm32l476xx_gpio_driver.o
                                       0x5adb (size before relaxing)
 .debug_str     0x0000000000009088      0x11e ./drivers/Src/stm32l476xx_spi_driver.o
                                       0x5c29 (size before relaxing)

.debug_frame    0x0000000000000000      0x660
 .debug_frame   0x0000000000000000      0x118 ./Src/main.o
 .debug_frame   0x0000000000000118      0x1c8 ./drivers/Src/stm32l476xx_gpio_driver.o
 .debug_frame   0x00000000000002e0      0x314 ./drivers/Src/stm32l476xx_spi_driver.o
 .debug_frame   0x00000000000005f4       0x20 C:/ST/STM32CubeIDE_1.14.0/STM32CubeIDE/plugins/com.st.stm32cube.ide.mcu.externaltools.gnu-tools-for-stm32.11.3.rel1.win32_1.1.100.202309141235/tools/bin/../lib/gcc/arm-none-eabi/11.3.1/../../../../arm-none-eabi/lib/thumb/v7e-m+fp/hard\libc_nano.a(libc_a-memset.o)
 .debug_frame   0x0000000000000614       0x2c C:/ST/STM32CubeIDE_1.14.0/STM32CubeIDE/plugins/com.st.stm32cube.ide.mcu.externaltools.gnu-tools-for-stm32.11.3.rel1.win32_1.1.100.202309141235/tools/bin/../lib/gcc/arm-none-eabi/11.3.1/../../../../arm-none-eabi/lib/thumb/v7e-m+fp/hard\libc_nano.a(libc_a-init.o)
 .debug_frame   0x0000000000000640       0x20 C:/ST/STM32CubeIDE_1.14.0/STM32CubeIDE/plugins/com.st.stm32cube.ide.mcu.externaltools.gnu-tools-for-stm32.11.3.rel1.win32_1.1.100.202309141235/tools/bin/../lib/gcc/arm-none-eabi/11.3.1/../../../../arm-none-eabi/lib/thumb/v7e-m+fp/hard\libc_nano.a(libc_a-strcmp.o)

.debug_line_str
                0x0000000000000000       0x7a
 .debug_line_str
                0x0000000000000000       0x7a ./Startup/startup_stm32l476rgtx.o
                                         0x92 (size before relaxing)
